%!Adobe-FontList 1.14
%Locale:0x409

%BeginFont
Handler:DirectoryHandler
FontType:TrueType
FontName:ArialMT
FamilyName:Arial
StyleName:Regular
FullName:Arial
MenuName:Arial
StyleBits:0
WritingScript:Roman
OutlineFileName:L:\Clients\Connexions\CONNEX130020_Calculus\01_General\03_Project_Info\14_ProductionTemplate\Template\R3\INDD\Document fonts\arial.ttf
DataFormat:sfntData
FileLength:778552
FileModTime:1409067648
WeightClass:400
WidthClass:5
AngleClass:0
%EndFont

%BeginFont
Handler:DirectoryHandler
FontType:TrueType
FontName:Arial-BoldMT
FamilyName:Arial
StyleName:Bold
FullName:Arial Bold
MenuName:Arial
StyleBits:2
WritingScript:Roman
OutlineFileName:L:\Clients\Connexions\CONNEX130020_Calculus\01_General\03_Project_Info\14_ProductionTemplate\Template\R3\INDD\Document fonts\arialbd.ttf
DataFormat:sfntData
FileLength:749004
FileModTime:1409067646
WeightClass:700
WidthClass:5
AngleClass:0
%EndFont

%BeginFont
Handler:DirectoryHandler
FontType:TrueType
FontName:Arial-BoldItalicMT
FamilyName:Arial
StyleName:Bold Italic
FullName:Arial Bold Italic
MenuName:Arial
StyleBits:3
WritingScript:Roman
OutlineFileName:L:\Clients\Connexions\CONNEX130020_Calculus\01_General\03_Project_Info\14_ProductionTemplate\Template\R3\INDD\Document fonts\arialbi.ttf
DataFormat:sfntData
FileLength:561924
FileModTime:1409067644
WeightClass:700
WidthClass:5
AngleClass:1
%EndFont

%BeginFont
Handler:DirectoryHandler
FontType:Type1
FontName:STIXGeneral-Regular
FamilyName:STIXGeneral
StyleName:Regular
FullName:STIXGeneral-Regular
MenuName:STIXGeneral
StyleBits:0
WritingScript:Roman
OutlineFileName:L:\Clients\Connexions\CONNEX130020_Calculus\01_General\03_Project_Info\14_ProductionTemplate\Template\R3\INDD\Document fonts\STIXGeneral-Regular.otf
DataFormat:sfntData
UsesStandardEncoding:yes
isCFF:yes
FileLength:369156
FileModTime:1328650488
WeightClass:400
WidthClass:5
AngleClass:0
%EndFont

%BeginFont
Handler:DirectoryHandler
FontType:Type1
FontName:STIXSizeTwoSym-Regular
FamilyName:STIXSizeTwoSym
StyleName:Regular
FullName:STIXSizeTwoSym-Regular
MenuName:STIXSizeTwoSym
StyleBits:0
WritingScript:Roman
OutlineFileName:L:\Clients\Connexions\CONNEX130020_Calculus\01_General\03_Project_Info\14_ProductionTemplate\Template\R3\INDD\Document fonts\STIXSizeTwoSym-Regular.otf
DataFormat:sfntData
UsesStandardEncoding:yes
isCFF:yes
FileLength:15620
FileModTime:1328650490
WeightClass:400
WidthClass:5
AngleClass:0
%EndFont

%BeginFont
Handler:DirectoryHandler
FontType:TrueType
FontName:TimesNewRomanPS-BoldItalicMT
FamilyName:Times New Roman
StyleName:Bold Italic
FullName:Times New Roman Bold Italic
MenuName:Times New Roman
StyleBits:3
WritingScript:Roman
OutlineFileName:L:\Clients\Connexions\CONNEX130020_Calculus\01_General\03_Project_Info\14_ProductionTemplate\Template\R3\INDD\Document fonts\Times New Roman Bold Italic.ttf
DataFormat:sfntData
FileLength:620008
FileModTime:1226090778
WeightClass:700
WidthClass:5
AngleClass:1
%EndFont

%BeginFont
Handler:DirectoryHandler
FontType:TrueType
FontName:TimesNewRomanPSMT
FamilyName:Times New Roman
StyleName:Regular
FullName:Times New Roman
MenuName:Times New Roman
StyleBits:0
WritingScript:Roman
OutlineFileName:L:\Clients\Connexions\CONNEX130020_Calculus\01_General\03_Project_Info\14_ProductionTemplate\Template\R3\INDD\Document fonts\times.ttf
DataFormat:sfntData
FileLength:834240
FileModTime:1357302896
WeightClass:400
WidthClass:5
AngleClass:0
%EndFont

%BeginFont
Handler:DirectoryHandler
FontType:TrueType
FontName:TimesNewRomanPS-BoldMT
FamilyName:Times New Roman
StyleName:Bold
FullName:Times New Roman Bold
MenuName:Times New Roman
StyleBits:2
WritingScript:Roman
OutlineFileName:L:\Clients\Connexions\CONNEX130020_Calculus\01_General\03_Project_Info\14_ProductionTemplate\Template\R3\INDD\Document fonts\TIMESBD.TTF
DataFormat:sfntData
FileLength:326072
FileModTime:1275102244
WeightClass:700
WidthClass:5
AngleClass:0
%EndFont

%BeginFont
Handler:DirectoryHandler
FontType:TrueType
FontName:TimesNewRomanPS-ItalicMT
FamilyName:Times New Roman
StyleName:Italic
FullName:Times New Roman Italic
MenuName:Times New Roman
StyleBits:1
WritingScript:Roman
OutlineFileName:L:\Clients\Connexions\CONNEX130020_Calculus\01_General\03_Project_Info\14_ProductionTemplate\Template\R3\INDD\Document fonts\TIMESI.TTF
DataFormat:sfntData
FileLength:248368
FileModTime:1224813976
WeightClass:400
WidthClass:5
AngleClass:1
%EndFont

